main.c:98:5:main	32	static
main.c:181:6:SystemClock_Config	88	static
main.c:226:13:MX_TIM1_Init	56	static
main.c:276:13:MX_TIM2_Init	32	static
main.c:321:13:MX_TIM3_Init	64	static
main.c:384:13:MX_USART2_UART_Init	8	static
main.c:417:13:MX_GPIO_Init	48	static
main.c:450:7:EncoderVelocity_Update	48	static
main.c:482:6:HAL_TIM_PeriodElapsedCallback	24	static
main.c:487:10:micros	12	static
main.c:490:7:PWMCheck	16	static
main.c:500:7:ControlMotor	16	static
main.c:521:6:Error_Handler	4	static,ignoring_inline_asm
