main.c:99:5:main	32	static
main.c:182:6:SystemClock_Config	88	static
main.c:227:13:MX_TIM1_Init	56	static
main.c:277:13:MX_TIM2_Init	32	static
main.c:322:13:MX_TIM3_Init	64	static
main.c:385:13:MX_USART2_UART_Init	8	static
main.c:418:13:MX_GPIO_Init	48	static
main.c:451:7:EncoderVelocity_Update	48	static
main.c:483:6:HAL_TIM_PeriodElapsedCallback	24	static
main.c:488:10:micros	12	static
main.c:491:7:PWMCheck	16	static
main.c:501:7:ControlMotor	16	static
main.c:522:6:Error_Handler	4	static,ignoring_inline_asm
